127.0.0.1 - - [18/Jun/2022:15:26:29 +0530] "GET / HTTP/1.1" 404 751
0:0:0:0:0:0:0:1 - - [18/Jun/2022:15:26:30 +0530] "GET /jun17-jersey-rest-1/ HTTP/1.1" 404 775
0:0:0:0:0:0:0:1 - - [18/Jun/2022:15:26:44 +0530] "GET /jun17-jersey-rest-1/rest/employee HTTP/1.1" 500 4639
127.0.0.1 - - [18/Jun/2022:15:27:00 +0530] "GET / HTTP/1.1" 404 751
0:0:0:0:0:0:0:1 - - [18/Jun/2022:15:27:08 +0530] "GET /jun17-jersey-rest-1/rest/employee HTTP/1.1" 200 2
0:0:0:0:0:0:0:1 - - [18/Jun/2022:15:27:32 +0530] "GET /jun17-jersey-rest-1/rest/employee HTTP/1.1" 200 2
0:0:0:0:0:0:0:1 - - [18/Jun/2022:15:27:48 +0530] "POST /jun17-jersey-rest-1/rest/employee HTTP/1.1" 500 4922
127.0.0.1 - - [18/Jun/2022:15:28:28 +0530] "GET / HTTP/1.1" 404 751
0:0:0:0:0:0:0:1 - - [18/Jun/2022:15:28:37 +0530] "POST /jun17-jersey-rest-1/rest/employee HTTP/1.1" 200 68
0:0:0:0:0:0:0:1 - - [18/Jun/2022:15:28:44 +0530] "GET /jun17-jersey-rest-1/rest/employee HTTP/1.1" 200 70
0:0:0:0:0:0:0:1 - - [18/Jun/2022:15:29:12 +0530] "POST /jun17-jersey-rest-1/rest/employee HTTP/1.1" 200 66
0:0:0:0:0:0:0:1 - - [18/Jun/2022:15:29:25 +0530] "POST /jun17-jersey-rest-1/rest/employee HTTP/1.1" 200 65
0:0:0:0:0:0:0:1 - - [18/Jun/2022:15:29:28 +0530] "GET /jun17-jersey-rest-1/rest/employee HTTP/1.1" 200 203
0:0:0:0:0:0:0:1 - - [18/Jun/2022:15:29:54 +0530] "PUT /jun17-jersey-rest-1/rest/employee HTTP/1.1" 415 766
127.0.0.1 - - [18/Jun/2022:15:31:03 +0530] "GET / HTTP/1.1" 404 751
0:0:0:0:0:0:0:1 - - [18/Jun/2022:15:31:18 +0530] "GET /jun17-jersey-rest-1/rest/employee HTTP/1.1" 200 203
0:0:0:0:0:0:0:1 - - [18/Jun/2022:15:31:18 +0530] "GET /jun17-jersey-rest-1/rest/employee HTTP/1.1" 200 203
0:0:0:0:0:0:0:1 - - [18/Jun/2022:15:31:24 +0530] "PUT /jun17-jersey-rest-1/rest/employee HTTP/1.1" 200 66
0:0:0:0:0:0:0:1 - - [18/Jun/2022:15:31:27 +0530] "GET /jun17-jersey-rest-1/rest/employee HTTP/1.1" 200 204
127.0.0.1 - - [18/Jun/2022:15:33:03 +0530] "GET / HTTP/1.1" 404 751
0:0:0:0:0:0:0:1 - - [18/Jun/2022:15:33:24 +0530] "GET /jun17-jersey-rest-1/rest/employee/3 HTTP/1.1" 200 66
127.0.0.1 - - [18/Jun/2022:15:34:12 +0530] "GET / HTTP/1.1" 404 751
0:0:0:0:0:0:0:1 - - [18/Jun/2022:15:34:24 +0530] "DELETE /jun17-jersey-rest-1/rest/employee/3 HTTP/1.1" 415 766
127.0.0.1 - - [18/Jun/2022:15:34:45 +0530] "GET / HTTP/1.1" 404 751
0:0:0:0:0:0:0:1 - - [18/Jun/2022:15:34:52 +0530] "DELETE /jun17-jersey-rest-1/rest/employee/3 HTTP/1.1" 200 66
0:0:0:0:0:0:0:1 - - [18/Jun/2022:15:35:00 +0530] "GET /jun17-jersey-rest-1/rest/employee/3 HTTP/1.1" 200 -
0:0:0:0:0:0:0:1 - - [18/Jun/2022:15:35:04 +0530] "GET /jun17-jersey-rest-1/rest/employee HTTP/1.1" 200 137
127.0.0.1 - - [18/Jun/2022:15:47:20 +0530] "GET / HTTP/1.1" 404 751
0:0:0:0:0:0:0:1 - - [18/Jun/2022:15:47:21 +0530] "GET /jun18-spring-rest-1/ HTTP/1.1" 200 11
127.0.0.1 - - [18/Jun/2022:15:47:53 +0530] "GET / HTTP/1.1" 404 751
0:0:0:0:0:0:0:1 - - [18/Jun/2022:15:47:56 +0530] "GET /jun18-spring-rest-1/ HTTP/1.1" 200 11
0:0:0:0:0:0:0:1 - - [18/Jun/2022:15:47:59 +0530] "GET /jun18-spring-rest-1/hi HTTP/1.1" 200 2
127.0.0.1 - - [18/Jun/2022:17:17:57 +0530] "GET / HTTP/1.1" 404 751
127.0.0.1 - - [18/Jun/2022:17:18:38 +0530] "GET / HTTP/1.1" 404 751
0:0:0:0:0:0:0:1 - - [18/Jun/2022:17:18:39 +0530] "GET /jun18-spring-rest-1/ HTTP/1.1" 200 11
0:0:0:0:0:0:0:1 - - [18/Jun/2022:17:18:46 +0530] "GET /jun18-spring-rest-1/ HTTP/1.1" 200 11
0:0:0:0:0:0:0:1 - - [18/Jun/2022:17:18:46 +0530] "GET /favicon.ico HTTP/1.1" 404 762
0:0:0:0:0:0:0:1 - - [18/Jun/2022:17:18:49 +0530] "GET /jun18-spring-rest-1/hi HTTP/1.1" 200 2
127.0.0.1 - - [18/Jun/2022:17:20:27 +0530] "GET / HTTP/1.1" 404 751
0:0:0:0:0:0:0:1 - - [18/Jun/2022:17:20:28 +0530] "GET /jun18-spring-rest-1/hi HTTP/1.1" 200 2
0:0:0:0:0:0:0:1 - - [18/Jun/2022:17:20:34 +0530] "GET /jun18-spring-rest-1/employee HTTP/1.1" 200 148
127.0.0.1 - - [18/Jun/2022:17:21:20 +0530] "GET / HTTP/1.1" 404 751
0:0:0:0:0:0:0:1 - - [18/Jun/2022:17:21:21 +0530] "GET /jun18-spring-rest-1/employee HTTP/1.1" 200 148
0:0:0:0:0:0:0:1 - - [18/Jun/2022:17:21:59 +0530] "GET /jun18-spring-rest-1/employee HTTP/1.1" 200 148
0:0:0:0:0:0:0:1 - - [18/Jun/2022:17:22:16 +0530] "GET /jun18-spring-rest-1/employee HTTP/1.1" 200 148
0:0:0:0:0:0:0:1 - - [18/Jun/2022:17:22:18 +0530] "GET /jun18-spring-rest-1/hi HTTP/1.1" 200 2
0:0:0:0:0:0:0:1 - - [18/Jun/2022:17:22:20 +0530] "GET /jun18-spring-rest-1 HTTP/1.1" 302 -
0:0:0:0:0:0:0:1 - - [18/Jun/2022:17:22:20 +0530] "GET /jun18-spring-rest-1/ HTTP/1.1" 200 11
0:0:0:0:0:0:0:1 - - [18/Jun/2022:17:22:22 +0530] "GET /jun18-spring-rest-1/employee HTTP/1.1" 200 148
127.0.0.1 - - [18/Jun/2022:17:27:37 +0530] "GET / HTTP/1.1" 404 751
0:0:0:0:0:0:0:1 - - [18/Jun/2022:17:27:59 +0530] "GET /jun18-spring-rest-1/employee HTTP/1.1" 200 148
0:0:0:0:0:0:0:1 - - [18/Jun/2022:17:28:35 +0530] "POST /jun18-spring-rest-1/employee HTTP/1.1" 200 78
0:0:0:0:0:0:0:1 - - [18/Jun/2022:17:28:38 +0530] "GET /jun18-spring-rest-1/employee HTTP/1.1" 200 216
0:0:0:0:0:0:0:1 - - [18/Jun/2022:17:29:01 +0530] "PUT /jun18-spring-rest-1/employee HTTP/1.1" 200 77
0:0:0:0:0:0:0:1 - - [18/Jun/2022:17:29:02 +0530] "GET /jun18-spring-rest-1/employee HTTP/1.1" 200 215
0:0:0:0:0:0:0:1 - - [18/Jun/2022:17:29:12 +0530] "DELETE /jun18-spring-rest-1/employee/4 HTTP/1.1" 200 77
0:0:0:0:0:0:0:1 - - [18/Jun/2022:17:29:13 +0530] "GET /jun18-spring-rest-1/employee HTTP/1.1" 200 148
0:0:0:0:0:0:0:1 - - [18/Jun/2022:17:29:18 +0530] "GET /jun18-spring-rest-1/employee/2 HTTP/1.1" 200 77
0:0:0:0:0:0:0:1 - - [18/Jun/2022:17:29:20 +0530] "GET /jun18-spring-rest-1/employee/1 HTTP/1.1" 200 79
0:0:0:0:0:0:0:1 - - [18/Jun/2022:17:29:26 +0530] "GET /jun18-spring-rest-1/employee/5 HTTP/1.1" 200 -
127.0.0.1 - - [18/Jun/2022:19:03:21 +0530] "GET / HTTP/1.1" 404 751
127.0.0.1 - - [18/Jun/2022:19:05:16 +0530] "GET / HTTP/1.1" 404 751
127.0.0.1 - - [18/Jun/2022:19:07:29 +0530] "GET / HTTP/1.1" 404 751
0:0:0:0:0:0:0:1 - - [18/Jun/2022:19:07:37 +0530] "GET /jun18-spring-rest-1/employee/5 HTTP/1.1" 404 682
0:0:0:0:0:0:0:1 - - [18/Jun/2022:19:07:40 +0530] "GET /jun18-spring-rest-1/employee HTTP/1.1" 405 749
127.0.0.1 - - [18/Jun/2022:19:08:41 +0530] "GET / HTTP/1.1" 404 751
0:0:0:0:0:0:0:1 - - [18/Jun/2022:19:08:45 +0530] "GET /jun18-spring-rest-1/employee HTTP/1.1" 200 148
127.0.0.1 - - [18/Jun/2022:19:09:01 +0530] "GET / HTTP/1.1" 404 751
0:0:0:0:0:0:0:1 - - [18/Jun/2022:19:09:07 +0530] "GET /jun18-spring-rest-1/employee HTTP/1.1" 405 749
127.0.0.1 - - [18/Jun/2022:19:09:23 +0530] "GET / HTTP/1.1" 404 751
0:0:0:0:0:0:0:1 - - [18/Jun/2022:19:09:30 +0530] "GET /jun18-spring-rest-1/employee HTTP/1.1" 200 148
